60.0 APEX_CODE,FINEST;APEX_PROFILING,INFO;CALLOUT,INFO;DATA_ACCESS,INFO;DB,INFO;NBA,INFO;SYSTEM,DEBUG;VALIDATION,INFO;VISUALFORCE,FINER;WAVE,INFO;WORKFLOW,INFO
03:42:20.10 (10024982)|USER_INFO|[EXTERNAL]|005gK000007upwf|bader.nouali281@agentforce.com|(GMT+01:00) Central European Standard Time (Europe/Paris)|GMT+01:00
03:42:20.10 (10109431)|EXECUTION_STARTED
03:42:20.10 (10140547)|CODE_UNIT_STARTED|[EXTERNAL]|01pgK000006W5lx|OpportunitySelectorTest.setup()
03:42:20.10 (13879559)|HEAP_ALLOCATE|[95]|Bytes:3
03:42:20.10 (14057305)|HEAP_ALLOCATE|[100]|Bytes:152
03:42:20.10 (14171428)|HEAP_ALLOCATE|[417]|Bytes:408
03:42:20.10 (14361024)|HEAP_ALLOCATE|[430]|Bytes:408
03:42:20.10 (14634793)|HEAP_ALLOCATE|[317]|Bytes:6
03:42:20.10 (14678998)|HEAP_ALLOCATE|[EXTERNAL]|Bytes:14
03:42:20.10 (14723044)|METHOD_ENTRY|[2]|01pgK000006W5lx|OpportunitySelectorTest.OpportunitySelectorTest()
03:42:20.10 (14736670)|STATEMENT_EXECUTE|[2]
03:42:20.10 (14746215)|STATEMENT_EXECUTE|[2]
03:42:20.10 (14754274)|METHOD_EXIT|[2]|OpportunitySelectorTest
03:42:20.10 (14800659)|HEAP_ALLOCATE|[68]|Bytes:5
03:42:20.10 (14863107)|HEAP_ALLOCATE|[74]|Bytes:5
03:42:20.10 (14893605)|HEAP_ALLOCATE|[82]|Bytes:7
03:42:20.10 (15107032)|STATEMENT_EXECUTE|[4]
03:42:20.10 (15111777)|STATEMENT_EXECUTE|[5]
03:42:20.10 (17108007)|HEAP_ALLOCATE|[5]|Bytes:3
03:42:20.10 (17201155)|METHOD_ENTRY|[2]|01pgK000006W5ly|TestDataFactory.TestDataFactory()
03:42:20.10 (17213020)|STATEMENT_EXECUTE|[2]
03:42:20.10 (17224655)|STATEMENT_EXECUTE|[2]
03:42:20.10 (17236034)|METHOD_EXIT|[2]|TestDataFactory
03:42:20.10 (17290948)|METHOD_ENTRY|[5]|01pgK000006W5ly|TestDataFactory.createTestAccount()
03:42:20.10 (17617208)|STATEMENT_EXECUTE|[3]
03:42:20.10 (17622285)|STATEMENT_EXECUTE|[4]
03:42:20.10 (17679104)|HEAP_ALLOCATE|[4]|Bytes:4
03:42:20.10 (17849941)|HEAP_ALLOCATE|[4]|Bytes:12
03:42:20.10 (19759258)|VARIABLE_ASSIGNMENT|[4]|this.Name|"Test Account"|0x24415281
03:42:20.10 (19912261)|VARIABLE_SCOPE_BEGIN|[4]|acc|Account|true|false
03:42:20.10 (19959398)|VARIABLE_ASSIGNMENT|[4]|acc|{"Name":"Test Account"}|0x24415281
03:42:20.10 (19968561)|STATEMENT_EXECUTE|[5]
03:42:20.10 (20083918)|HEAP_ALLOCATE|[5]|Bytes:8
03:42:20.10 (20135044)|DML_BEGIN|[5]|Op:Insert|Type:Account|Rows:1
03:42:20.10 (20240897)|HEAP_ALLOCATE|[EXTERNAL]|Bytes:8
03:42:20.10 (51470446)|CODE_UNIT_STARTED|[EXTERNAL]|DuplicateDetector
03:42:20.10 (51550025)|DUPLICATE_DETECTION_BEGIN
03:42:20.10 (53422270)|DUPLICATE_DETECTION_RULE_INVOCATION|DuplicateRuleId:0BmgK000003sMLB|DuplicateRuleName:Standard Account Duplicate Rule|DmlType:INSERT
03:42:20.10 (135917496)|DUPLICATE_DETECTION_MATCH_INVOCATION_DETAILS|EntityType:Account|ActionTaken:Allow_[Alert,Report]|DuplicateRecordIds:
03:42:20.10 (135944844)|DUPLICATE_DETECTION_MATCH_INVOCATION_SUMMARY|EntityType:Account|NumRecordsToBeSaved:1|NumRecordsToBeSavedWithDuplicates:0|NumDuplicateRecordsFound:0
03:42:20.10 (136146818)|DUPLICATE_DETECTION_END
03:42:20.10 (136168304)|CODE_UNIT_FINISHED|DuplicateDetector
03:42:20.10 (199108653)|DML_END|[5]
03:42:20.10 (200440279)|STATEMENT_EXECUTE|[6]
03:42:20.10 (200474639)|METHOD_EXIT|[5]|01pgK000006W5ly|TestDataFactory.createTestAccount()
03:42:20.10 (200526128)|VARIABLE_SCOPE_BEGIN|[5]|testAccount|Account|true|false
03:42:20.10 (200605410)|VARIABLE_ASSIGNMENT|[5]|testAccount|{"Name":"Test Account","Id":"001gK00000QBIKPQA5"}|0x24415281
03:42:20.10 (200610731)|STATEMENT_EXECUTE|[6]
03:42:20.10 (200708423)|METHOD_ENTRY|[6]|01pgK000006W5ly|TestDataFactory.createTestOpportunity(Id)
03:42:20.10 (200868653)|VARIABLE_SCOPE_BEGIN|[9]|accountId|Id|false|false
03:42:20.10 (201083539)|VARIABLE_ASSIGNMENT|[9]|accountId|"001gK00000QBIKPQA5"
03:42:20.10 (201184085)|STATEMENT_EXECUTE|[9]
03:42:20.10 (201186516)|STATEMENT_EXECUTE|[10]
03:42:20.10 (201221184)|HEAP_ALLOCATE|[10]|Bytes:4
03:42:20.10 (201369393)|HEAP_ALLOCATE|[11]|Bytes:16
03:42:20.10 (203305784)|VARIABLE_ASSIGNMENT|[10]|this.Name|"Test Opportunity"|0x740306ef
03:42:20.10 (203333182)|HEAP_ALLOCATE|[12]|Bytes:11
03:42:20.10 (203386505)|VARIABLE_ASSIGNMENT|[10]|this.StageName|"Prospecting"|0x740306ef
03:42:20.10 (203576732)|HEAP_ALLOCATE|[13]|Bytes:4
03:42:20.10 (203651921)|HEAP_ALLOCATE|[13]|Bytes:4
03:42:20.10 (203717100)|VARIABLE_ASSIGNMENT|[10]|this.CloseDate|"2025-11-29T00:00:00.000Z"|0x740306ef
03:42:20.10 (204032961)|HEAP_ALLOCATE|[10]|Bytes:28
03:42:20.10 (204089892)|VARIABLE_ASSIGNMENT|[10]|this.Amount|10000|0x740306ef
03:42:20.10 (204160805)|VARIABLE_ASSIGNMENT|[10]|this.AccountId|"001gK00000QBIKPQA5"|0x740306ef
03:42:20.10 (204229075)|VARIABLE_SCOPE_BEGIN|[10]|opp|Opportunity|true|false
03:42:20.10 (204279121)|VARIABLE_ASSIGNMENT|[10]|opp|{"Name":"Test Opportunity","StageName":"Prospecting","CloseDate":"2025-11-29T00:00:00.000Z","Amount":10000,"AccountId":"001gK00000QBIKPQA5"}|0x740306ef
03:42:20.10 (204285939)|STATEMENT_EXECUTE|[17]
03:42:20.10 (204340400)|HEAP_ALLOCATE|[17]|Bytes:8
03:42:20.10 (204386468)|DML_BEGIN|[17]|Op:Insert|Type:Opportunity|Rows:1
03:42:20.10 (204458307)|HEAP_ALLOCATE|[EXTERNAL]|Bytes:8
03:42:20.10 (296930955)|DML_END|[17]
03:42:20.10 (298352452)|STATEMENT_EXECUTE|[18]
03:42:20.10 (298388521)|METHOD_EXIT|[6]|01pgK000006W5ly|TestDataFactory.createTestOpportunity(Id)
03:42:20.298 (298442958)|CUMULATIVE_LIMIT_USAGE
03:42:20.298 (298442958)|LIMIT_USAGE_FOR_NS|(default)|
  Number of SOQL queries: 0 out of 100
  Number of query rows: 0 out of 50000
  Number of SOSL queries: 0 out of 20
  Number of DML statements: 2 out of 150
  Number of Publish Immediate DML: 0 out of 150
  Number of DML rows: 2 out of 10000
  Maximum CPU time: 0 out of 10000
  Maximum heap size: 0 out of 6000000
  Number of callouts: 0 out of 100
  Number of Email Invocations: 0 out of 10
  Number of future calls: 0 out of 50
  Number of queueable jobs added to the queue: 0 out of 50
  Number of Mobile Apex push calls: 0 out of 10

03:42:20.298 (298442958)|CUMULATIVE_LIMIT_USAGE_END

03:42:20.10 (298539929)|CODE_UNIT_FINISHED|OpportunitySelectorTest.setup()
03:42:20.10 (298556408)|EXECUTION_FINISHED
03:42:20.437 (437718443)|USER_INFO|[EXTERNAL]|005gK000007upwf|bader.nouali281@agentforce.com|(GMT+01:00) Central European Standard Time (Europe/Paris)|GMT+01:00
03:42:20.437 (437751463)|EXECUTION_STARTED
03:42:20.437 (437799299)|CODE_UNIT_STARTED|[EXTERNAL]|01pgK000006W5lx|OpportunitySelectorTest.testGetOpportunitiesByAccountId()
03:42:20.437 (438331967)|HEAP_ALLOCATE|[95]|Bytes:3
03:42:20.437 (438396768)|HEAP_ALLOCATE|[100]|Bytes:152
03:42:20.437 (438482125)|HEAP_ALLOCATE|[417]|Bytes:408
03:42:20.437 (438496593)|HEAP_ALLOCATE|[430]|Bytes:408
03:42:20.437 (438529247)|HEAP_ALLOCATE|[317]|Bytes:6
03:42:20.437 (438546212)|HEAP_ALLOCATE|[EXTERNAL]|Bytes:14
03:42:20.437 (438568507)|METHOD_ENTRY|[2]|01pgK000006W5lx|OpportunitySelectorTest.OpportunitySelectorTest()
03:42:20.437 (438576596)|STATEMENT_EXECUTE|[2]
03:42:20.437 (438585284)|STATEMENT_EXECUTE|[2]
03:42:20.437 (438603675)|METHOD_EXIT|[2]|OpportunitySelectorTest
03:42:20.437 (438635609)|HEAP_ALLOCATE|[68]|Bytes:5
03:42:20.437 (438676318)|HEAP_ALLOCATE|[74]|Bytes:5
03:42:20.437 (438691486)|HEAP_ALLOCATE|[82]|Bytes:7
03:42:20.437 (438750535)|STATEMENT_EXECUTE|[10]
03:42:20.437 (438752510)|STATEMENT_EXECUTE|[11]
03:42:20.437 (438755399)|HEAP_ALLOCATE|[11]|Bytes:30
03:42:20.437 (438778908)|HEAP_ALLOCATE|[11]|Bytes:4
03:42:20.437 (439156553)|SOQL_EXECUTE_BEGIN|[11]|Aggregations:0|SELECT Id FROM Account LIMIT 1
03:42:20.437 (445920387)|SOQL_EXECUTE_END|[11]|Rows:1
03:42:20.437 (445972311)|HEAP_ALLOCATE|[11]|Bytes:8
03:42:20.437 (445995871)|HEAP_ALLOCATE|[11]|Bytes:29
03:42:20.437 (446188360)|HEAP_ALLOCATE|[11]|Bytes:8
03:42:20.437 (446235285)|HEAP_ALLOCATE|[11]|Bytes:33
03:42:20.437 (446357805)|HEAP_ALLOCATE|[11]|Bytes:8
03:42:20.437 (446391292)|VARIABLE_SCOPE_BEGIN|[11]|testAccount|Account|true|false
03:42:20.437 (446674541)|VARIABLE_ASSIGNMENT|[11]|testAccount|{"Id":"001gK00000QBIKPQA5"}|0x2a6f0292
03:42:20.437 (446688924)|STATEMENT_EXECUTE|[12]
03:42:20.437 (446799966)|HEAP_ALLOCATE|[12]|Bytes:114
03:42:20.437 (446861707)|SYSTEM_METHOD_ENTRY|[1]|Test.Test()
03:42:20.437 (446866560)|STATEMENT_EXECUTE|[1]
03:42:20.437 (446885986)|SYSTEM_METHOD_EXIT|[1]|Test
03:42:20.437 (446928024)|METHOD_ENTRY|[12]||System.Test.startTest()
03:42:20.437 (455608147)|METHOD_EXIT|[12]||System.Test.startTest()
03:42:20.437 (455629334)|STATEMENT_EXECUTE|[13]
03:42:20.437 (457827726)|HEAP_ALLOCATE|[13]|Bytes:1
03:42:20.437 (457906657)|METHOD_ENTRY|[1]|01pgK000006W5lw|OpportunitySelector.OpportunitySelector()
03:42:20.437 (457913785)|STATEMENT_EXECUTE|[1]
03:42:20.437 (457920627)|STATEMENT_EXECUTE|[1]
03:42:20.437 (459968253)|SYSTEM_MODE_ENTER|false
03:42:20.437 (460010444)|HEAP_ALLOCATE|[13]|Bytes:5
03:42:20.437 (460033219)|SYSTEM_MODE_EXIT|false
03:42:20.437 (460059301)|METHOD_EXIT|[1]|OpportunitySelector
03:42:20.437 (460124645)|METHOD_ENTRY|[13]|01pgK000006W5lw|OpportunitySelector.getOpportunitiesByAccountId(Id)
03:42:20.437 (460416641)|VARIABLE_SCOPE_BEGIN|[2]|accountId|Id|false|false
03:42:20.437 (460650240)|VARIABLE_ASSIGNMENT|[2]|accountId|"001gK00000QBIKPQA5"
03:42:20.437 (460699055)|SYSTEM_MODE_ENTER|false
03:42:20.437 (460712919)|HEAP_ALLOCATE|[3]|Bytes:5
03:42:20.437 (460724650)|STATEMENT_EXECUTE|[2]
03:42:20.437 (460727428)|STATEMENT_EXECUTE|[3]
03:42:20.437 (460732369)|HEAP_ALLOCATE|[3]|Bytes:89
03:42:20.437 (460758404)|HEAP_ALLOCATE|[3]|Bytes:4
03:42:20.437 (460775669)|HEAP_ALLOCATE|[3]|Bytes:7
03:42:20.437 (461308142)|SOQL_EXECUTE_BEGIN|[3]|Aggregations:0|SELECT Id, Name, Amount, CloseDate, StageName FROM Opportunity WHERE AccountId = :tmpVar1
03:42:20.437 (476239507)|SOQL_EXECUTE_END|[3]|Rows:1
03:42:20.437 (476319931)|HEAP_ALLOCATE|[3]|Bytes:8
03:42:20.437 (476347665)|HEAP_ALLOCATE|[3]|Bytes:140
03:42:20.437 (476408591)|HEAP_ALLOCATE|[3]|Bytes:8
03:42:20.437 (476447969)|SYSTEM_MODE_EXIT|false
03:42:20.437 (476476575)|METHOD_EXIT|[13]|01pgK000006W5lw|OpportunitySelector.getOpportunitiesByAccountId(Id)
03:42:20.437 (476502530)|VARIABLE_SCOPE_BEGIN|[13]|results|List<Opportunity>|true|false
03:42:20.437 (476688456)|VARIABLE_ASSIGNMENT|[13]|results|[{"Id":"006gK000007e3eHQAQ","StageName":"Prospecting","CloseDate":"2025-11-29T00:00:00.000Z","Name":"Test Opportunity","Amount":10000.00}]|0x2ce9f4de
03:42:20.437 (476698844)|STATEMENT_EXECUTE|[14]
03:42:20.437 (476733153)|METHOD_ENTRY|[14]||System.Test.stopTest()
03:42:20.437 (477126442)|METHOD_EXIT|[14]||System.Test.stopTest()
03:42:20.437 (477135183)|STATEMENT_EXECUTE|[15]
03:42:20.437 (477242123)|HEAP_ALLOCATE|[15]|Bytes:38
03:42:20.437 (478506687)|HEAP_ALLOCATE|[15]|Bytes:51
03:42:20.437 (478573767)|SYSTEM_METHOD_ENTRY|[4]|Assert.Assert()
03:42:20.437 (478579608)|STATEMENT_EXECUTE|[4]
03:42:20.437 (478610222)|SYSTEM_METHOD_EXIT|[4]|Assert
03:42:20.437 (478676121)|METHOD_ENTRY|[15]||System.Assert.areNotEqual(Object, Object, String)
03:42:20.437 (482852541)|METHOD_EXIT|[15]||System.Assert.areNotEqual(Object, Object, String)
03:42:20.482 (482892781)|CUMULATIVE_LIMIT_USAGE
03:42:20.482 (482892781)|LIMIT_USAGE_FOR_NS|(default)|
  Number of SOQL queries: 1 out of 100
  Number of query rows: 1 out of 50000
  Number of SOSL queries: 0 out of 20
  Number of DML statements: 2 out of 150
  Number of Publish Immediate DML: 0 out of 150
  Number of DML rows: 2 out of 10000
  Maximum CPU time: 0 out of 10000
  Maximum heap size: 0 out of 6000000
  Number of callouts: 0 out of 100
  Number of Email Invocations: 0 out of 10
  Number of future calls: 0 out of 50
  Number of queueable jobs added to the queue: 0 out of 50
  Number of Mobile Apex push calls: 0 out of 10

03:42:20.482 (482892781)|TESTING_LIMITS
03:42:20.482 (482892781)|LIMIT_USAGE_FOR_NS|(default)|
  Number of SOQL queries: 1 out of 100
  Number of query rows: 1 out of 50000
  Number of SOSL queries: 0 out of 20
  Number of DML statements: 0 out of 150
  Number of Publish Immediate DML: 0 out of 150
  Number of DML rows: 0 out of 10000
  Maximum CPU time: 0 out of 10000
  Maximum heap size: 0 out of 6000000
  Number of callouts: 0 out of 100
  Number of Email Invocations: 0 out of 10
  Number of future calls: 0 out of 50
  Number of queueable jobs added to the queue: 0 out of 50
  Number of Mobile Apex push calls: 0 out of 10

03:42:20.482 (482892781)|CUMULATIVE_LIMIT_USAGE_END

03:42:20.437 (483040172)|CODE_UNIT_FINISHED|OpportunitySelectorTest.testGetOpportunitiesByAccountId()
03:42:20.437 (483063600)|EXECUTION_FINISHED
03:42:20.624 (624351797)|USER_INFO|[EXTERNAL]|005gK000007upwf|bader.nouali281@agentforce.com|(GMT+01:00) Central European Standard Time (Europe/Paris)|GMT+01:00
03:42:20.624 (624384935)|EXECUTION_STARTED
03:42:20.624 (624409271)|CODE_UNIT_STARTED|[EXTERNAL]|DuplicateDetector
03:42:20.624 (624435852)|DUPLICATE_DETECTION_BEGIN
03:42:20.624 (624528851)|DUPLICATE_DETECTION_RULE_INVOCATION|DuplicateRuleId:0BmgK000003sMLB|DuplicateRuleName:Standard Account Duplicate Rule|DmlType:INSERT
03:42:20.624 (653656728)|DUPLICATE_DETECTION_END
03:42:20.624 (653710784)|CODE_UNIT_FINISHED|DuplicateDetector
03:42:20.624 (653763555)|EXECUTION_FINISHED
