60.0 APEX_CODE,FINEST;APEX_PROFILING,INFO;CALLOUT,INFO;DATA_ACCESS,INFO;DB,INFO;NBA,INFO;SYSTEM,DEBUG;VALIDATION,INFO;VISUALFORCE,FINER;WAVE,INFO;WORKFLOW,INFO
03:58:45.6 (6885809)|USER_INFO|[EXTERNAL]|005gK000007upwf|bader.nouali281@agentforce.com|(GMT+01:00) Central European Standard Time (Europe/Paris)|GMT+01:00
03:58:45.6 (6969096)|EXECUTION_STARTED
03:58:45.6 (7004236)|CODE_UNIT_STARTED|[EXTERNAL]|01pgK000006W5lx|OpportunitySelectorTest.setup()
03:58:45.6 (8963862)|HEAP_ALLOCATE|[95]|Bytes:3
03:58:45.6 (9081840)|HEAP_ALLOCATE|[100]|Bytes:152
03:58:45.6 (9099466)|HEAP_ALLOCATE|[417]|Bytes:408
03:58:45.6 (9114416)|HEAP_ALLOCATE|[430]|Bytes:408
03:58:45.6 (9141337)|HEAP_ALLOCATE|[317]|Bytes:6
03:58:45.6 (9195180)|HEAP_ALLOCATE|[EXTERNAL]|Bytes:14
03:58:45.6 (9217738)|METHOD_ENTRY|[2]|01pgK000006W5lx|OpportunitySelectorTest.OpportunitySelectorTest()
03:58:45.6 (9226720)|STATEMENT_EXECUTE|[2]
03:58:45.6 (9231239)|STATEMENT_EXECUTE|[2]
03:58:45.6 (9236524)|METHOD_EXIT|[2]|OpportunitySelectorTest
03:58:45.6 (9260490)|HEAP_ALLOCATE|[68]|Bytes:5
03:58:45.6 (9282412)|HEAP_ALLOCATE|[74]|Bytes:5
03:58:45.6 (9287780)|HEAP_ALLOCATE|[82]|Bytes:7
03:58:45.6 (9340807)|STATEMENT_EXECUTE|[4]
03:58:45.6 (9342066)|STATEMENT_EXECUTE|[5]
03:58:45.6 (9386952)|HEAP_ALLOCATE|[5]|Bytes:3
03:58:45.6 (9393539)|METHOD_ENTRY|[2]|01pgK000006W5ly|TestDataFactory.TestDataFactory()
03:58:45.6 (9396389)|STATEMENT_EXECUTE|[2]
03:58:45.6 (9397883)|STATEMENT_EXECUTE|[2]
03:58:45.6 (9400435)|METHOD_EXIT|[2]|TestDataFactory
03:58:45.6 (9422115)|METHOD_ENTRY|[5]|01pgK000006W5ly|TestDataFactory.createTestAccount()
03:58:45.6 (9450876)|STATEMENT_EXECUTE|[3]
03:58:45.6 (9451754)|STATEMENT_EXECUTE|[4]
03:58:45.6 (9546872)|HEAP_ALLOCATE|[4]|Bytes:4
03:58:45.6 (9667984)|HEAP_ALLOCATE|[4]|Bytes:12
03:58:45.6 (11305677)|VARIABLE_ASSIGNMENT|[4]|this.Name|"Test Account"|0x18d44ba9
03:58:45.6 (11360718)|VARIABLE_SCOPE_BEGIN|[4]|acc|Account|true|false
03:58:45.6 (11383245)|VARIABLE_ASSIGNMENT|[4]|acc|{"Name":"Test Account"}|0x18d44ba9
03:58:45.6 (11387539)|STATEMENT_EXECUTE|[5]
03:58:45.6 (11433937)|HEAP_ALLOCATE|[5]|Bytes:8
03:58:45.6 (11464577)|DML_BEGIN|[5]|Op:Insert|Type:Account|Rows:1
03:58:45.6 (11508087)|HEAP_ALLOCATE|[EXTERNAL]|Bytes:8
03:58:45.6 (39831273)|CODE_UNIT_STARTED|[EXTERNAL]|DuplicateDetector
03:58:45.6 (39858447)|DUPLICATE_DETECTION_BEGIN
03:58:45.6 (41564794)|DUPLICATE_DETECTION_RULE_INVOCATION|DuplicateRuleId:0BmgK000003sMLB|DuplicateRuleName:Standard Account Duplicate Rule|DmlType:INSERT
03:58:45.6 (92258909)|DUPLICATE_DETECTION_MATCH_INVOCATION_DETAILS|EntityType:Account|ActionTaken:Allow_[Alert,Report]|DuplicateRecordIds:
03:58:45.6 (92305064)|DUPLICATE_DETECTION_MATCH_INVOCATION_SUMMARY|EntityType:Account|NumRecordsToBeSaved:1|NumRecordsToBeSavedWithDuplicates:0|NumDuplicateRecordsFound:0
03:58:45.6 (92495976)|DUPLICATE_DETECTION_END
03:58:45.6 (92509492)|CODE_UNIT_FINISHED|DuplicateDetector
03:58:45.6 (137085381)|DML_END|[5]
03:58:45.6 (138315890)|STATEMENT_EXECUTE|[6]
03:58:45.6 (138339747)|METHOD_EXIT|[5]|01pgK000006W5ly|TestDataFactory.createTestAccount()
03:58:45.6 (138367518)|VARIABLE_SCOPE_BEGIN|[5]|testAccount|Account|true|false
03:58:45.6 (138407761)|VARIABLE_ASSIGNMENT|[5]|testAccount|{"Name":"Test Account","Id":"001gK00000QBN5aQAH"}|0x18d44ba9
03:58:45.6 (138411592)|STATEMENT_EXECUTE|[6]
03:58:45.6 (138485805)|METHOD_ENTRY|[6]|01pgK000006W5ly|TestDataFactory.createTestOpportunity(Id)
03:58:45.6 (138516868)|VARIABLE_SCOPE_BEGIN|[9]|accountId|Id|false|false
03:58:45.6 (138739929)|VARIABLE_ASSIGNMENT|[9]|accountId|"001gK00000QBN5aQAH"
03:58:45.6 (138798998)|STATEMENT_EXECUTE|[9]
03:58:45.6 (138800293)|STATEMENT_EXECUTE|[10]
03:58:45.6 (138871511)|HEAP_ALLOCATE|[10]|Bytes:4
03:58:45.6 (138976178)|HEAP_ALLOCATE|[11]|Bytes:16
03:58:45.6 (139869874)|VARIABLE_ASSIGNMENT|[10]|this.Name|"Test Opportunity"|0x15c34c89
03:58:45.6 (139881220)|HEAP_ALLOCATE|[12]|Bytes:11
03:58:45.6 (139905606)|VARIABLE_ASSIGNMENT|[10]|this.StageName|"Prospecting"|0x15c34c89
03:58:45.6 (140047852)|HEAP_ALLOCATE|[13]|Bytes:4
03:58:45.6 (140129956)|HEAP_ALLOCATE|[13]|Bytes:4
03:58:45.6 (140173855)|VARIABLE_ASSIGNMENT|[10]|this.CloseDate|"2025-11-29T00:00:00.000Z"|0x15c34c89
03:58:45.6 (140432620)|HEAP_ALLOCATE|[10]|Bytes:28
03:58:45.6 (140467423)|VARIABLE_ASSIGNMENT|[10]|this.Amount|10000|0x15c34c89
03:58:45.6 (140512760)|VARIABLE_ASSIGNMENT|[10]|this.AccountId|"001gK00000QBN5aQAH"|0x15c34c89
03:58:45.6 (140550728)|VARIABLE_SCOPE_BEGIN|[10]|opp|Opportunity|true|false
03:58:45.6 (140573936)|VARIABLE_ASSIGNMENT|[10]|opp|{"Name":"Test Opportunity","StageName":"Prospecting","CloseDate":"2025-11-29T00:00:00.000Z","Amount":10000,"AccountId":"001gK00000QBN5aQAH"}|0x15c34c89
03:58:45.6 (140579145)|STATEMENT_EXECUTE|[17]
03:58:45.6 (140609748)|HEAP_ALLOCATE|[17]|Bytes:8
03:58:45.6 (140633608)|DML_BEGIN|[17]|Op:Insert|Type:Opportunity|Rows:1
03:58:45.6 (140670652)|HEAP_ALLOCATE|[EXTERNAL]|Bytes:8
03:58:45.6 (210311116)|DML_END|[17]
03:58:45.6 (211677429)|STATEMENT_EXECUTE|[18]
03:58:45.6 (211725263)|METHOD_EXIT|[6]|01pgK000006W5ly|TestDataFactory.createTestOpportunity(Id)
03:58:45.211 (211811418)|CUMULATIVE_LIMIT_USAGE
03:58:45.211 (211811418)|LIMIT_USAGE_FOR_NS|(default)|
  Number of SOQL queries: 0 out of 100
  Number of query rows: 0 out of 50000
  Number of SOSL queries: 0 out of 20
  Number of DML statements: 2 out of 150
  Number of Publish Immediate DML: 0 out of 150
  Number of DML rows: 2 out of 10000
  Maximum CPU time: 0 out of 10000
  Maximum heap size: 0 out of 6000000
  Number of callouts: 0 out of 100
  Number of Email Invocations: 0 out of 10
  Number of future calls: 0 out of 50
  Number of queueable jobs added to the queue: 0 out of 50
  Number of Mobile Apex push calls: 0 out of 10

03:58:45.211 (211811418)|CUMULATIVE_LIMIT_USAGE_END

03:58:45.6 (211926042)|CODE_UNIT_FINISHED|OpportunitySelectorTest.setup()
03:58:45.6 (211943694)|EXECUTION_FINISHED
03:58:45.240 (240227413)|USER_INFO|[EXTERNAL]|005gK000007upwf|bader.nouali281@agentforce.com|(GMT+01:00) Central European Standard Time (Europe/Paris)|GMT+01:00
03:58:45.240 (240258189)|EXECUTION_STARTED
03:58:45.240 (240297170)|CODE_UNIT_STARTED|[EXTERNAL]|01pgK000006W5lx|OpportunitySelectorTest.testGetOpportunitiesByAccountId()
03:58:45.240 (240535648)|HEAP_ALLOCATE|[95]|Bytes:3
03:58:45.240 (240619887)|HEAP_ALLOCATE|[100]|Bytes:152
03:58:45.240 (240655831)|HEAP_ALLOCATE|[417]|Bytes:408
03:58:45.240 (240674787)|HEAP_ALLOCATE|[430]|Bytes:408
03:58:45.240 (240712609)|HEAP_ALLOCATE|[317]|Bytes:6
03:58:45.240 (240731617)|HEAP_ALLOCATE|[EXTERNAL]|Bytes:14
03:58:45.240 (240754536)|METHOD_ENTRY|[2]|01pgK000006W5lx|OpportunitySelectorTest.OpportunitySelectorTest()
03:58:45.240 (240762244)|STATEMENT_EXECUTE|[2]
03:58:45.240 (240768005)|STATEMENT_EXECUTE|[2]
03:58:45.240 (240773982)|METHOD_EXIT|[2]|OpportunitySelectorTest
03:58:45.240 (240806412)|HEAP_ALLOCATE|[68]|Bytes:5
03:58:45.240 (240843747)|HEAP_ALLOCATE|[74]|Bytes:5
03:58:45.240 (240851912)|HEAP_ALLOCATE|[82]|Bytes:7
03:58:45.240 (240910457)|STATEMENT_EXECUTE|[10]
03:58:45.240 (240912117)|STATEMENT_EXECUTE|[11]
03:58:45.240 (240915056)|HEAP_ALLOCATE|[11]|Bytes:30
03:58:45.240 (240937724)|HEAP_ALLOCATE|[11]|Bytes:4
03:58:45.240 (241408447)|SOQL_EXECUTE_BEGIN|[11]|Aggregations:0|SELECT Id FROM Account LIMIT 1
03:58:45.240 (249686669)|SOQL_EXECUTE_END|[11]|Rows:1
03:58:45.240 (249724427)|HEAP_ALLOCATE|[11]|Bytes:8
03:58:45.240 (249744442)|HEAP_ALLOCATE|[11]|Bytes:29
03:58:45.240 (249870300)|HEAP_ALLOCATE|[11]|Bytes:8
03:58:45.240 (249889370)|HEAP_ALLOCATE|[11]|Bytes:33
03:58:45.240 (249990012)|HEAP_ALLOCATE|[11]|Bytes:8
03:58:45.240 (249999139)|VARIABLE_SCOPE_BEGIN|[11]|testAccount|Account|true|false
03:58:45.240 (250184611)|VARIABLE_ASSIGNMENT|[11]|testAccount|{"Id":"001gK00000QBN5aQAH"}|0x603427bf
03:58:45.240 (250191541)|STATEMENT_EXECUTE|[12]
03:58:45.240 (250228431)|HEAP_ALLOCATE|[12]|Bytes:114
03:58:45.240 (250254119)|SYSTEM_METHOD_ENTRY|[1]|Test.Test()
03:58:45.240 (250257939)|STATEMENT_EXECUTE|[1]
03:58:45.240 (250267811)|SYSTEM_METHOD_EXIT|[1]|Test
03:58:45.240 (250292931)|METHOD_ENTRY|[12]||System.Test.startTest()
03:58:45.240 (253948321)|METHOD_EXIT|[12]||System.Test.startTest()
03:58:45.240 (253960017)|STATEMENT_EXECUTE|[13]
03:58:45.240 (254050232)|HEAP_ALLOCATE|[13]|Bytes:1
03:58:45.240 (254071017)|METHOD_ENTRY|[1]|01pgK000006W5lw|OpportunitySelector.OpportunitySelector()
03:58:45.240 (254074682)|STATEMENT_EXECUTE|[1]
03:58:45.240 (254077363)|STATEMENT_EXECUTE|[1]
03:58:45.240 (255879171)|SYSTEM_MODE_ENTER|false
03:58:45.240 (255912571)|HEAP_ALLOCATE|[13]|Bytes:5
03:58:45.240 (255922750)|SYSTEM_MODE_EXIT|false
03:58:45.240 (255939692)|METHOD_EXIT|[1]|OpportunitySelector
03:58:45.240 (255966570)|METHOD_ENTRY|[13]|01pgK000006W5lw|OpportunitySelector.getOpportunitiesByAccountId(Id)
03:58:45.240 (255995019)|VARIABLE_SCOPE_BEGIN|[2]|accountId|Id|false|false
03:58:45.240 (256171046)|VARIABLE_ASSIGNMENT|[2]|accountId|"001gK00000QBN5aQAH"
03:58:45.240 (256197218)|SYSTEM_MODE_ENTER|false
03:58:45.240 (256204837)|HEAP_ALLOCATE|[3]|Bytes:5
03:58:45.240 (256210046)|STATEMENT_EXECUTE|[2]
03:58:45.240 (256211092)|STATEMENT_EXECUTE|[3]
03:58:45.240 (256214775)|HEAP_ALLOCATE|[3]|Bytes:89
03:58:45.240 (256236420)|HEAP_ALLOCATE|[3]|Bytes:4
03:58:45.240 (256246413)|HEAP_ALLOCATE|[3]|Bytes:7
03:58:45.240 (256718953)|SOQL_EXECUTE_BEGIN|[3]|Aggregations:0|SELECT Id, Name, Amount, CloseDate, StageName FROM Opportunity WHERE AccountId = :tmpVar1
03:58:45.240 (269368255)|SOQL_EXECUTE_END|[3]|Rows:1
03:58:45.240 (269407809)|HEAP_ALLOCATE|[3]|Bytes:8
03:58:45.240 (269433075)|HEAP_ALLOCATE|[3]|Bytes:140
03:58:45.240 (269519943)|HEAP_ALLOCATE|[3]|Bytes:8
03:58:45.240 (269544962)|SYSTEM_MODE_EXIT|false
03:58:45.240 (269564423)|METHOD_EXIT|[13]|01pgK000006W5lw|OpportunitySelector.getOpportunitiesByAccountId(Id)
03:58:45.240 (269576747)|VARIABLE_SCOPE_BEGIN|[13]|results|List<Opportunity>|true|false
03:58:45.240 (269725245)|VARIABLE_ASSIGNMENT|[13]|results|[{"Id":"006gK000007e3JKQAY","StageName":"Prospecting","CloseDate":"2025-11-29T00:00:00.000Z","Name":"Test Opportunity","Amount":10000.00}]|0x73e546d2
03:58:45.240 (269731980)|STATEMENT_EXECUTE|[14]
03:58:45.240 (269751463)|METHOD_ENTRY|[14]||System.Test.stopTest()
03:58:45.240 (269942478)|METHOD_EXIT|[14]||System.Test.stopTest()
03:58:45.240 (269945684)|STATEMENT_EXECUTE|[15]
03:58:45.240 (270039082)|HEAP_ALLOCATE|[15]|Bytes:38
03:58:45.240 (270095180)|HEAP_ALLOCATE|[15]|Bytes:51
03:58:45.240 (270116295)|SYSTEM_METHOD_ENTRY|[4]|Assert.Assert()
03:58:45.240 (270120011)|STATEMENT_EXECUTE|[4]
03:58:45.240 (270127218)|SYSTEM_METHOD_EXIT|[4]|Assert
03:58:45.240 (270144947)|METHOD_ENTRY|[15]||System.Assert.areNotEqual(Object, Object, String)
03:58:45.240 (274435849)|METHOD_EXIT|[15]||System.Assert.areNotEqual(Object, Object, String)
03:58:45.274 (274466111)|CUMULATIVE_LIMIT_USAGE
03:58:45.274 (274466111)|LIMIT_USAGE_FOR_NS|(default)|
  Number of SOQL queries: 1 out of 100
  Number of query rows: 1 out of 50000
  Number of SOSL queries: 0 out of 20
  Number of DML statements: 2 out of 150
  Number of Publish Immediate DML: 0 out of 150
  Number of DML rows: 2 out of 10000
  Maximum CPU time: 0 out of 10000
  Maximum heap size: 0 out of 6000000
  Number of callouts: 0 out of 100
  Number of Email Invocations: 0 out of 10
  Number of future calls: 0 out of 50
  Number of queueable jobs added to the queue: 0 out of 50
  Number of Mobile Apex push calls: 0 out of 10

03:58:45.274 (274466111)|TESTING_LIMITS
03:58:45.274 (274466111)|LIMIT_USAGE_FOR_NS|(default)|
  Number of SOQL queries: 1 out of 100
  Number of query rows: 1 out of 50000
  Number of SOSL queries: 0 out of 20
  Number of DML statements: 0 out of 150
  Number of Publish Immediate DML: 0 out of 150
  Number of DML rows: 0 out of 10000
  Maximum CPU time: 0 out of 10000
  Maximum heap size: 0 out of 6000000
  Number of callouts: 0 out of 100
  Number of Email Invocations: 0 out of 10
  Number of future calls: 0 out of 50
  Number of queueable jobs added to the queue: 0 out of 50
  Number of Mobile Apex push calls: 0 out of 10

03:58:45.274 (274466111)|CUMULATIVE_LIMIT_USAGE_END

03:58:45.240 (274556138)|CODE_UNIT_FINISHED|OpportunitySelectorTest.testGetOpportunitiesByAccountId()
03:58:45.240 (274569536)|EXECUTION_FINISHED
03:58:45.388 (388017518)|USER_INFO|[EXTERNAL]|005gK000007upwf|bader.nouali281@agentforce.com|(GMT+01:00) Central European Standard Time (Europe/Paris)|GMT+01:00
03:58:45.388 (388039416)|EXECUTION_STARTED
03:58:45.388 (388059859)|CODE_UNIT_STARTED|[EXTERNAL]|DuplicateDetector
03:58:45.388 (388069212)|DUPLICATE_DETECTION_BEGIN
03:58:45.388 (388148668)|DUPLICATE_DETECTION_RULE_INVOCATION|DuplicateRuleId:0BmgK000003sMLB|DuplicateRuleName:Standard Account Duplicate Rule|DmlType:INSERT
03:58:45.388 (416790680)|DUPLICATE_DETECTION_END
03:58:45.388 (416813742)|CODE_UNIT_FINISHED|DuplicateDetector
03:58:45.388 (416847715)|EXECUTION_FINISHED
