60.0 APEX_CODE,FINEST;APEX_PROFILING,INFO;CALLOUT,INFO;DATA_ACCESS,INFO;DB,INFO;NBA,INFO;SYSTEM,DEBUG;VALIDATION,INFO;VISUALFORCE,FINER;WAVE,INFO;WORKFLOW,INFO
03:59:50.3 (3774447)|USER_INFO|[EXTERNAL]|005gK000007upwf|bader.nouali281@agentforce.com|(GMT+01:00) Central European Standard Time (Europe/Paris)|GMT+01:00
03:59:50.3 (3860578)|EXECUTION_STARTED
03:59:50.3 (3902031)|CODE_UNIT_STARTED|[EXTERNAL]|01pgK000006W5lx|OpportunitySelectorTest.setup()
03:59:50.3 (6924566)|HEAP_ALLOCATE|[95]|Bytes:3
03:59:50.3 (7036518)|HEAP_ALLOCATE|[100]|Bytes:152
03:59:50.3 (7052702)|HEAP_ALLOCATE|[417]|Bytes:408
03:59:50.3 (7064730)|HEAP_ALLOCATE|[430]|Bytes:408
03:59:50.3 (7089568)|HEAP_ALLOCATE|[317]|Bytes:6
03:59:50.3 (7148678)|HEAP_ALLOCATE|[EXTERNAL]|Bytes:14
03:59:50.3 (7173578)|METHOD_ENTRY|[2]|01pgK000006W5lx|OpportunitySelectorTest.OpportunitySelectorTest()
03:59:50.3 (7186828)|STATEMENT_EXECUTE|[2]
03:59:50.3 (7194234)|STATEMENT_EXECUTE|[2]
03:59:50.3 (7198968)|METHOD_EXIT|[2]|OpportunitySelectorTest
03:59:50.3 (7223853)|HEAP_ALLOCATE|[68]|Bytes:5
03:59:50.3 (7254360)|HEAP_ALLOCATE|[74]|Bytes:5
03:59:50.3 (7259970)|HEAP_ALLOCATE|[82]|Bytes:7
03:59:50.3 (7322213)|STATEMENT_EXECUTE|[4]
03:59:50.3 (7323530)|STATEMENT_EXECUTE|[5]
03:59:50.3 (7367707)|HEAP_ALLOCATE|[5]|Bytes:3
03:59:50.3 (7372028)|METHOD_ENTRY|[2]|01pgK000006W5ly|TestDataFactory.TestDataFactory()
03:59:50.3 (7374291)|STATEMENT_EXECUTE|[2]
03:59:50.3 (7375952)|STATEMENT_EXECUTE|[2]
03:59:50.3 (7377481)|METHOD_EXIT|[2]|TestDataFactory
03:59:50.3 (7398195)|METHOD_ENTRY|[5]|01pgK000006W5ly|TestDataFactory.createTestAccount()
03:59:50.3 (7423970)|STATEMENT_EXECUTE|[3]
03:59:50.3 (7425082)|STATEMENT_EXECUTE|[4]
03:59:50.3 (7532011)|HEAP_ALLOCATE|[4]|Bytes:4
03:59:50.3 (7699266)|HEAP_ALLOCATE|[4]|Bytes:12
03:59:50.3 (9614669)|VARIABLE_ASSIGNMENT|[4]|this.Name|"Test Account"|0x1e2fa4bd
03:59:50.3 (9685290)|VARIABLE_SCOPE_BEGIN|[4]|acc|Account|true|false
03:59:50.3 (9715262)|VARIABLE_ASSIGNMENT|[4]|acc|{"Name":"Test Account"}|0x1e2fa4bd
03:59:50.3 (9718954)|STATEMENT_EXECUTE|[5]
03:59:50.3 (9776753)|HEAP_ALLOCATE|[5]|Bytes:8
03:59:50.3 (9813983)|DML_BEGIN|[5]|Op:Insert|Type:Account|Rows:1
03:59:50.3 (9873192)|HEAP_ALLOCATE|[EXTERNAL]|Bytes:8
03:59:50.3 (31448117)|CODE_UNIT_STARTED|[EXTERNAL]|DuplicateDetector
03:59:50.3 (31472262)|DUPLICATE_DETECTION_BEGIN
03:59:50.3 (32090224)|DUPLICATE_DETECTION_RULE_INVOCATION|DuplicateRuleId:0BmgK000003sMLB|DuplicateRuleName:Standard Account Duplicate Rule|DmlType:INSERT
03:59:50.3 (59054486)|DUPLICATE_DETECTION_MATCH_INVOCATION_DETAILS|EntityType:Account|ActionTaken:Allow_[Alert,Report]|DuplicateRecordIds:
03:59:50.3 (59087579)|DUPLICATE_DETECTION_MATCH_INVOCATION_SUMMARY|EntityType:Account|NumRecordsToBeSaved:1|NumRecordsToBeSavedWithDuplicates:0|NumDuplicateRecordsFound:0
03:59:50.3 (59187786)|DUPLICATE_DETECTION_END
03:59:50.3 (59194713)|CODE_UNIT_FINISHED|DuplicateDetector
03:59:50.3 (91785060)|DML_END|[5]
03:59:50.3 (91968527)|STATEMENT_EXECUTE|[6]
03:59:50.3 (91990555)|METHOD_EXIT|[5]|01pgK000006W5ly|TestDataFactory.createTestAccount()
03:59:50.3 (92018056)|VARIABLE_SCOPE_BEGIN|[5]|testAccount|Account|true|false
03:59:50.3 (92062077)|VARIABLE_ASSIGNMENT|[5]|testAccount|{"Name":"Test Account","Id":"001gK00000QBJ8QQAX"}|0x1e2fa4bd
03:59:50.3 (92065937)|STATEMENT_EXECUTE|[6]
03:59:50.3 (92151331)|METHOD_ENTRY|[6]|01pgK000006W5ly|TestDataFactory.createTestOpportunity(Id)
03:59:50.3 (92182290)|VARIABLE_SCOPE_BEGIN|[9]|accountId|Id|false|false
03:59:50.3 (92369983)|VARIABLE_ASSIGNMENT|[9]|accountId|"001gK00000QBJ8QQAX"
03:59:50.3 (92420796)|STATEMENT_EXECUTE|[9]
03:59:50.3 (92422023)|STATEMENT_EXECUTE|[10]
03:59:50.3 (92487477)|HEAP_ALLOCATE|[10]|Bytes:4
03:59:50.3 (92586132)|HEAP_ALLOCATE|[11]|Bytes:16
03:59:50.3 (94713960)|VARIABLE_ASSIGNMENT|[10]|this.Name|"Test Opportunity"|0x4edc98b6
03:59:50.3 (94728454)|HEAP_ALLOCATE|[12]|Bytes:11
03:59:50.3 (94750160)|VARIABLE_ASSIGNMENT|[10]|this.StageName|"Prospecting"|0x4edc98b6
03:59:50.3 (94891793)|HEAP_ALLOCATE|[13]|Bytes:4
03:59:50.3 (94950971)|HEAP_ALLOCATE|[13]|Bytes:4
03:59:50.3 (94983424)|VARIABLE_ASSIGNMENT|[10]|this.CloseDate|"2025-11-29T00:00:00.000Z"|0x4edc98b6
03:59:50.3 (95253868)|HEAP_ALLOCATE|[10]|Bytes:28
03:59:50.3 (95286307)|VARIABLE_ASSIGNMENT|[10]|this.Amount|10000|0x4edc98b6
03:59:50.3 (95328750)|VARIABLE_ASSIGNMENT|[10]|this.AccountId|"001gK00000QBJ8QQAX"|0x4edc98b6
03:59:50.3 (95379356)|VARIABLE_SCOPE_BEGIN|[10]|opp|Opportunity|true|false
03:59:50.3 (95407433)|VARIABLE_ASSIGNMENT|[10]|opp|{"Name":"Test Opportunity","StageName":"Prospecting","CloseDate":"2025-11-29T00:00:00.000Z","Amount":10000,"AccountId":"001gK00000QBJ8QQAX"}|0x4edc98b6
03:59:50.3 (95412809)|STATEMENT_EXECUTE|[17]
03:59:50.3 (95440862)|HEAP_ALLOCATE|[17]|Bytes:8
03:59:50.3 (95463338)|DML_BEGIN|[17]|Op:Insert|Type:Opportunity|Rows:1
03:59:50.3 (95501254)|HEAP_ALLOCATE|[EXTERNAL]|Bytes:8
03:59:50.3 (165023759)|DML_END|[17]
03:59:50.3 (165214925)|STATEMENT_EXECUTE|[18]
03:59:50.3 (165246386)|METHOD_EXIT|[6]|01pgK000006W5ly|TestDataFactory.createTestOpportunity(Id)
03:59:50.165 (165342588)|CUMULATIVE_LIMIT_USAGE
03:59:50.165 (165342588)|LIMIT_USAGE_FOR_NS|(default)|
  Number of SOQL queries: 0 out of 100
  Number of query rows: 0 out of 50000
  Number of SOSL queries: 0 out of 20
  Number of DML statements: 2 out of 150
  Number of Publish Immediate DML: 0 out of 150
  Number of DML rows: 2 out of 10000
  Maximum CPU time: 0 out of 10000
  Maximum heap size: 0 out of 6000000
  Number of callouts: 0 out of 100
  Number of Email Invocations: 0 out of 10
  Number of future calls: 0 out of 50
  Number of queueable jobs added to the queue: 0 out of 50
  Number of Mobile Apex push calls: 0 out of 10

03:59:50.165 (165342588)|CUMULATIVE_LIMIT_USAGE_END

03:59:50.3 (165466717)|CODE_UNIT_FINISHED|OpportunitySelectorTest.setup()
03:59:50.3 (165487300)|EXECUTION_FINISHED
03:59:50.183 (183248371)|USER_INFO|[EXTERNAL]|005gK000007upwf|bader.nouali281@agentforce.com|(GMT+01:00) Central European Standard Time (Europe/Paris)|GMT+01:00
03:59:50.183 (183276871)|EXECUTION_STARTED
03:59:50.183 (183311499)|CODE_UNIT_STARTED|[EXTERNAL]|01pgK000006W5lx|OpportunitySelectorTest.testGetOpportunitiesByAccountId()
03:59:50.183 (183552610)|HEAP_ALLOCATE|[95]|Bytes:3
03:59:50.183 (183637263)|HEAP_ALLOCATE|[100]|Bytes:152
03:59:50.183 (183663742)|HEAP_ALLOCATE|[417]|Bytes:408
03:59:50.183 (183684721)|HEAP_ALLOCATE|[430]|Bytes:408
03:59:50.183 (183721196)|HEAP_ALLOCATE|[317]|Bytes:6
03:59:50.183 (183744729)|HEAP_ALLOCATE|[EXTERNAL]|Bytes:14
03:59:50.183 (183760647)|METHOD_ENTRY|[2]|01pgK000006W5lx|OpportunitySelectorTest.OpportunitySelectorTest()
03:59:50.183 (183768884)|STATEMENT_EXECUTE|[2]
03:59:50.183 (183777484)|STATEMENT_EXECUTE|[2]
03:59:50.183 (183781854)|METHOD_EXIT|[2]|OpportunitySelectorTest
03:59:50.183 (183816365)|HEAP_ALLOCATE|[68]|Bytes:5
03:59:50.183 (183852494)|HEAP_ALLOCATE|[74]|Bytes:5
03:59:50.183 (183860658)|HEAP_ALLOCATE|[82]|Bytes:7
03:59:50.183 (183952010)|STATEMENT_EXECUTE|[10]
03:59:50.183 (183953775)|STATEMENT_EXECUTE|[11]
03:59:50.183 (183957422)|HEAP_ALLOCATE|[11]|Bytes:30
03:59:50.183 (184023051)|HEAP_ALLOCATE|[11]|Bytes:4
03:59:50.183 (184504736)|SOQL_EXECUTE_BEGIN|[11]|Aggregations:0|SELECT Id FROM Account LIMIT 1
03:59:50.183 (190817775)|SOQL_EXECUTE_END|[11]|Rows:1
03:59:50.183 (190871023)|HEAP_ALLOCATE|[11]|Bytes:8
03:59:50.183 (190916995)|HEAP_ALLOCATE|[11]|Bytes:29
03:59:50.183 (191305422)|HEAP_ALLOCATE|[11]|Bytes:8
03:59:50.183 (191336041)|HEAP_ALLOCATE|[11]|Bytes:33
03:59:50.183 (191512002)|HEAP_ALLOCATE|[11]|Bytes:8
03:59:50.183 (191526486)|VARIABLE_SCOPE_BEGIN|[11]|testAccount|Account|true|false
03:59:50.183 (191825092)|VARIABLE_ASSIGNMENT|[11]|testAccount|{"Id":"001gK00000QBJ8QQAX"}|0x5d12046
03:59:50.183 (191835087)|STATEMENT_EXECUTE|[12]
03:59:50.183 (191921291)|HEAP_ALLOCATE|[12]|Bytes:114
03:59:50.183 (191947571)|SYSTEM_METHOD_ENTRY|[1]|Test.Test()
03:59:50.183 (191952402)|STATEMENT_EXECUTE|[1]
03:59:50.183 (191967303)|SYSTEM_METHOD_EXIT|[1]|Test
03:59:50.183 (191996486)|METHOD_ENTRY|[12]||System.Test.startTest()
03:59:50.183 (194726536)|METHOD_EXIT|[12]||System.Test.startTest()
03:59:50.183 (194748836)|STATEMENT_EXECUTE|[13]
03:59:50.183 (194898215)|HEAP_ALLOCATE|[13]|Bytes:1
03:59:50.183 (194920361)|METHOD_ENTRY|[1]|01pgK000006W5lw|OpportunitySelector.OpportunitySelector()
03:59:50.183 (194925237)|STATEMENT_EXECUTE|[1]
03:59:50.183 (194930145)|STATEMENT_EXECUTE|[1]
03:59:50.183 (195991657)|SYSTEM_MODE_ENTER|false
03:59:50.183 (196036285)|HEAP_ALLOCATE|[13]|Bytes:5
03:59:50.183 (196058298)|SYSTEM_MODE_EXIT|false
03:59:50.183 (196083569)|METHOD_EXIT|[1]|OpportunitySelector
03:59:50.183 (196111258)|METHOD_ENTRY|[13]|01pgK000006W5lw|OpportunitySelector.getOpportunitiesByAccountId(Id)
03:59:50.183 (196151255)|VARIABLE_SCOPE_BEGIN|[2]|accountId|Id|false|false
03:59:50.183 (196376565)|VARIABLE_ASSIGNMENT|[2]|accountId|"001gK00000QBJ8QQAX"
03:59:50.183 (196407121)|SYSTEM_MODE_ENTER|false
03:59:50.183 (196414456)|HEAP_ALLOCATE|[3]|Bytes:5
03:59:50.183 (196422247)|STATEMENT_EXECUTE|[2]
03:59:50.183 (196423534)|STATEMENT_EXECUTE|[3]
03:59:50.183 (196428317)|HEAP_ALLOCATE|[3]|Bytes:89
03:59:50.183 (196458134)|HEAP_ALLOCATE|[3]|Bytes:4
03:59:50.183 (196470312)|HEAP_ALLOCATE|[3]|Bytes:7
03:59:50.183 (197009069)|SOQL_EXECUTE_BEGIN|[3]|Aggregations:0|SELECT Id, Name, Amount, CloseDate, StageName FROM Opportunity WHERE AccountId = :tmpVar1
03:59:50.183 (208465151)|SOQL_EXECUTE_END|[3]|Rows:1
03:59:50.183 (208500306)|HEAP_ALLOCATE|[3]|Bytes:8
03:59:50.183 (208526399)|HEAP_ALLOCATE|[3]|Bytes:140
03:59:50.183 (208629288)|HEAP_ALLOCATE|[3]|Bytes:8
03:59:50.183 (208655192)|SYSTEM_MODE_EXIT|false
03:59:50.183 (208677725)|METHOD_EXIT|[13]|01pgK000006W5lw|OpportunitySelector.getOpportunitiesByAccountId(Id)
03:59:50.183 (208696517)|VARIABLE_SCOPE_BEGIN|[13]|results|List<Opportunity>|true|false
03:59:50.183 (208835562)|VARIABLE_ASSIGNMENT|[13]|results|[{"Id":"006gK000007e42UQAQ","StageName":"Prospecting","CloseDate":"2025-11-29T00:00:00.000Z","Name":"Test Opportunity","Amount":10000.00}]|0xc15465d
03:59:50.183 (208841949)|STATEMENT_EXECUTE|[14]
03:59:50.183 (208860066)|METHOD_ENTRY|[14]||System.Test.stopTest()
03:59:50.183 (209052108)|METHOD_EXIT|[14]||System.Test.stopTest()
03:59:50.183 (209056062)|STATEMENT_EXECUTE|[15]
03:59:50.183 (209148591)|HEAP_ALLOCATE|[15]|Bytes:38
03:59:50.183 (209217549)|HEAP_ALLOCATE|[15]|Bytes:51
03:59:50.183 (209230818)|SYSTEM_METHOD_ENTRY|[4]|Assert.Assert()
03:59:50.183 (209233081)|STATEMENT_EXECUTE|[4]
03:59:50.183 (209239684)|SYSTEM_METHOD_EXIT|[4]|Assert
03:59:50.183 (209258412)|METHOD_ENTRY|[15]||System.Assert.areNotEqual(Object, Object, String)
03:59:50.183 (210877244)|METHOD_EXIT|[15]||System.Assert.areNotEqual(Object, Object, String)
03:59:50.210 (210903926)|CUMULATIVE_LIMIT_USAGE
03:59:50.210 (210903926)|LIMIT_USAGE_FOR_NS|(default)|
  Number of SOQL queries: 1 out of 100
  Number of query rows: 1 out of 50000
  Number of SOSL queries: 0 out of 20
  Number of DML statements: 2 out of 150
  Number of Publish Immediate DML: 0 out of 150
  Number of DML rows: 2 out of 10000
  Maximum CPU time: 0 out of 10000
  Maximum heap size: 0 out of 6000000
  Number of callouts: 0 out of 100
  Number of Email Invocations: 0 out of 10
  Number of future calls: 0 out of 50
  Number of queueable jobs added to the queue: 0 out of 50
  Number of Mobile Apex push calls: 0 out of 10

03:59:50.210 (210903926)|TESTING_LIMITS
03:59:50.210 (210903926)|LIMIT_USAGE_FOR_NS|(default)|
  Number of SOQL queries: 1 out of 100
  Number of query rows: 1 out of 50000
  Number of SOSL queries: 0 out of 20
  Number of DML statements: 0 out of 150
  Number of Publish Immediate DML: 0 out of 150
  Number of DML rows: 0 out of 10000
  Maximum CPU time: 0 out of 10000
  Maximum heap size: 0 out of 6000000
  Number of callouts: 0 out of 100
  Number of Email Invocations: 0 out of 10
  Number of future calls: 0 out of 50
  Number of queueable jobs added to the queue: 0 out of 50
  Number of Mobile Apex push calls: 0 out of 10

03:59:50.210 (210903926)|CUMULATIVE_LIMIT_USAGE_END

03:59:50.183 (210973665)|CODE_UNIT_FINISHED|OpportunitySelectorTest.testGetOpportunitiesByAccountId()
03:59:50.183 (210988396)|EXECUTION_FINISHED
03:59:50.278 (278185048)|USER_INFO|[EXTERNAL]|005gK000007upwf|bader.nouali281@agentforce.com|(GMT+01:00) Central European Standard Time (Europe/Paris)|GMT+01:00
03:59:50.278 (278313449)|EXECUTION_STARTED
03:59:50.278 (278355161)|CODE_UNIT_STARTED|[EXTERNAL]|DuplicateDetector
03:59:50.278 (278367921)|DUPLICATE_DETECTION_BEGIN
03:59:50.278 (278446055)|DUPLICATE_DETECTION_RULE_INVOCATION|DuplicateRuleId:0BmgK000003sMLB|DuplicateRuleName:Standard Account Duplicate Rule|DmlType:INSERT
03:59:50.278 (291174728)|DUPLICATE_DETECTION_END
03:59:50.278 (291196368)|CODE_UNIT_FINISHED|DuplicateDetector
03:59:50.278 (291255318)|EXECUTION_FINISHED
